 -- CPU split experts (worker, dynamic): model.language_model.layers.3.mlp [192..288) of 288
 -- CPU split experts (worker, dynamic): model.language_model.layers.4.mlp [192..288) of 288
 -- CPU split experts (worker, dynamic): model.language_model.layers.5.mlp [192..288) of 288
 -- CPU split experts (worker, dynamic): model.language_model.layers.6.mlp [192..288) of 288
 -- CPU split experts (worker, dynamic): model.language_model.layers.7.mlp [192..288) of 288
 -- CPU split experts (worker, dynamic): model.language_model.layers.8.mlp [192..288) of 288
 -- CPU split experts (worker, dynamic): model.language_model.layers.9.mlp [192..288) of 288
 -- CPU split experts (worker, dynamic): model.language_model.layers.10.mlp [192..288) of 288
 -- CPU split experts (worker, dynamic): model.language_model.layers.11.mlp [192..288) of 288
 -- CPU split experts (worker, dynamic): model.language_model.layers.12.mlp [192..288) of 288
 -- CPU split experts (worker, dynamic): model.language_model.layers.13.mlp [192..288) of 288
 -- CPU split experts (worker, dynamic): model.language_model.layers.14.mlp [192..288) of 288
 -- CPU split experts (worker, dynamic): model.language_model.layers.15.mlp [192..288) of 288
 -- CPU split experts (worker, dynamic): model.language_model.layers.16.mlp [192..288) of 288
 -- CPU split experts (worker, dynamic): model.language_model.layers.17.mlp [192..288) of 288
 -- CPU split experts (worker, dynamic): model.language_model.layers.18.mlp [192..288) of 288
 -- CPU split experts (worker, dynamic): model.language_model.layers.19.mlp [192..288) of 288
 -- CPU split experts (worker, dynamic): model.language_model.layers.20.mlp [192..288) of 288
 -- CPU split experts (worker, dynamic): model.language_model.layers.21.mlp [192..288) of 288
 -- CPU split experts (worker, dynamic): model.language_model.layers.22.mlp [192..288) of 288
 -- CPU split experts (worker, dynamic): model.language_model.layers.23.mlp [192..288) of 288
 -- CPU split experts (worker, dynamic): model.language_model.layers.24.mlp [192..288) of 288
 -- CPU split experts (worker, dynamic): model.language_model.layers.25.mlp [192..288) of 288
 -- CPU split experts (worker, dynamic): model.language_model.layers.26.mlp [192..288) of 288
 -- CPU split experts (worker, dynamic): model.language_model.layers.26.mlp [192..288) of 288
 -- CPU split experts (worker, dynamic): model.language_model.layers.27.mlp [192..288) of 288
 -- CPU split experts (worker, dynamic): model.language_model.layers.28.mlp [192..288) of 288
 -- CPU split experts (worker, dynamic): model.language_model.layers.29.mlp [192..288) of 288
 -- CPU split experts (worker, dynamic): model.language_model.layers.30.mlp [192..288) of 288
 -- CPU split experts (worker, dynamic): model.language_model.layers.31.mlp [192..288) of 288
 -- CPU split experts (worker, dynamic): model.language_model.layers.32.mlp [192..288) of 288
 -- CPU split experts (worker, dynamic): model.language_model.layers.33.mlp [192..288) of 288
 -- CPU split experts (worker, dynamic): model.language_model.layers.34.mlp [192..288) of 288
 -- CPU split experts (worker, dynamic): model.language_model.layers.35.mlp [192..288) of 288
 -- CPU split experts (worker, dynamic): model.language_model.layers.36.mlp [192..288) of 288
 -- CPU split experts (worker, dynamic): model.language_model.layers.37.mlp [192..288) of 288
 -- CPU split experts (worker, dynamic): model.language_model.layers.38.mlp [192..288) of 288
 -- CPU split experts (worker, dynamic): model.language_model.layers.39.mlp [192..288) of 288
 -- CPU split experts (worker, dynamic): model.language_model.layers.40.mlp [192..288) of 288
 -- CPU split experts (worker, dynamic): model.language_model.layers.41.mlp [192..288) of 288
 -- CPU split experts (worker, dynamic): model.language_model.layers.42.mlp [192..288) of 288
 -- CPU split experts (worker, dynamic): model.language_model.layers.43.mlp [192..288) of 288
 -- CPU split experts (worker, dynamic): model.language_model.layers.44.mlp [192..288) of 288
 -- CPU MoE worker started: 42 layers, avx512-vbmi, 8 threads
{"layer": "model.language_model.layers.3.mlp", "bytes_and_map": "PASS", "device": "cuda:0", "swizzled": true}
{"layer": "model.language_model.layers.4.mlp", "bytes_and_map": "PASS", "device": "cuda:0", "swizzled": true}
{"layer": "model.language_model.layers.5.mlp", "bytes_and_map": "PASS", "device": "cuda:0", "swizzled": true}
{"layer": "model.language_model.layers.6.mlp", "bytes_and_map": "PASS", "device": "cuda:0", "swizzled": true}
{"layer": "model.language_model.layers.7.mlp", "bytes_and_map": "PASS", "device": "cuda:0", "swizzled": true}
{"layer": "model.language_model.layers.8.mlp", "bytes_and_map": "PASS", "device": "cuda:0", "swizzled": true}
{"layer": "model.language_model.layers.9.mlp", "bytes_and_map": "PASS", "device": "cuda:0", "swizzled": true}
{"layer": "model.language_model.layers.10.mlp", "bytes_and_map": "PASS", "device": "cuda:0", "swizzled": true}
{"layer": "model.language_model.layers.11.mlp", "bytes_and_map": "PASS", "device": "cuda:0", "swizzled": true}
{"layer": "model.language_model.layers.12.mlp", "bytes_and_map": "PASS", "device": "cuda:0", "swizzled": true}
{"layer": "model.language_model.layers.13.mlp", "bytes_and_map": "PASS", "device": "cuda:0", "swizzled": true}
{"layer": "model.language_model.layers.14.mlp", "bytes_and_map": "PASS", "device": "cuda:0", "swizzled": true}
{"layer": "model.language_model.layers.15.mlp", "bytes_and_map": "PASS", "device": "cuda:0", "swizzled": true}
{"layer": "model.language_model.layers.16.mlp", "bytes_and_map": "PASS", "device": "cuda:0", "swizzled": true}
{"layer": "model.language_model.layers.17.mlp", "bytes_and_map": "PASS", "device": "cuda:0", "swizzled": true}
{"layer": "model.language_model.layers.18.mlp", "bytes_and_map": "PASS", "device": "cuda:0", "swizzled": true}
{"layer": "model.language_model.layers.19.mlp", "bytes_and_map": "PASS", "device": "cuda:0", "swizzled": true}
{"layer": "model.language_model.layers.20.mlp", "bytes_and_map": "PASS", "device": "cuda:0", "swizzled": true}
{"layer": "model.language_model.layers.21.mlp", "bytes_and_map": "PASS", "device": "cuda:0", "swizzled": true}
{"layer": "model.language_model.layers.22.mlp", "bytes_and_map": "PASS", "device": "cuda:0", "swizzled": true}
{"layer": "model.language_model.layers.23.mlp", "bytes_and_map": "PASS", "device": "cuda:0", "swizzled": true}
{"layer": "model.language_model.layers.24.mlp", "bytes_and_map": "PASS", "device": "cuda:0", "swizzled": true}
{"layer": "model.language_model.layers.25.mlp", "bytes_and_map": "PASS", "device": "cuda:0", "swizzled": true}
{"layer": "model.language_model.layers.26.mlp", "bytes_and_map": "PASS", "device": "cuda:1", "swizzled": true}
{"layer": "model.language_model.layers.27.mlp", "bytes_and_map": "PASS", "device": "cuda:1", "swizzled": true}
{"layer": "model.language_model.layers.28.mlp", "bytes_and_map": "PASS", "device": "cuda:1", "swizzled": true}
{"layer": "model.language_model.layers.29.mlp", "bytes_and_map": "PASS", "device": "cuda:1", "swizzled": true}
{"layer": "model.language_model.layers.30.mlp", "bytes_and_map": "PASS", "device": "cuda:1", "swizzled": true}
{"layer": "model.language_model.layers.31.mlp", "bytes_and_map": "PASS", "device": "cuda:1", "swizzled": true}
{"layer": "model.language_model.layers.32.mlp", "bytes_and_map": "PASS", "device": "cuda:1", "swizzled": true}
{"layer": "model.language_model.layers.33.mlp", "bytes_and_map": "PASS", "device": "cuda:1", "swizzled": true}
{"layer": "model.language_model.layers.34.mlp", "bytes_and_map": "PASS", "device": "cuda:1", "swizzled": true}
{"layer": "model.language_model.layers.35.mlp", "bytes_and_map": "PASS", "device": "cuda:1", "swizzled": true}
{"layer": "model.language_model.layers.36.mlp", "bytes_and_map": "PASS", "device": "cuda:1", "swizzled": true}
{"layer": "model.language_model.layers.37.mlp", "bytes_and_map": "PASS", "device": "cuda:1", "swizzled": true}
{"layer": "model.language_model.layers.38.mlp", "bytes_and_map": "PASS", "device": "cuda:1", "swizzled": true}
{"layer": "model.language_model.layers.39.mlp", "bytes_and_map": "PASS", "device": "cuda:1", "swizzled": true}
{"layer": "model.language_model.layers.40.mlp", "bytes_and_map": "PASS", "device": "cuda:1", "swizzled": true}
{"layer": "model.language_model.layers.41.mlp", "bytes_and_map": "PASS", "device": "cuda:1", "swizzled": true}
{"layer": "model.language_model.layers.42.mlp", "bytes_and_map": "PASS", "device": "cuda:1", "swizzled": true}
{"layer": "model.language_model.layers.43.mlp", "bytes_and_map": "PASS", "device": "cuda:1", "swizzled": true}
{"layer": "model.language_model.layers.44.mlp", "bytes_and_map": "PASS", "device": "cuda:1", "swizzled": true}
{"layer": "model.language_model.layers.3.mlp", "streamed_tail_numeric": "PASS", "GPU_unswizzle_bytes": "PASS", "rows": 128, "device": "cuda:0"}
{"layer": "model.language_model.layers.26.mlp", "streamed_tail_numeric": "PASS", "GPU_unswizzle_bytes": "PASS", "rows": 128, "device": "cuda:1"}
PASS: 42 initialized layers, all GPU/worker/aux expert bytes, native map; streamed tail per GPU. Full-model logits/lifecycle remain separate.
