{
  "1card_h2d": {
    "gbs": 28.722628446132692,
    "ms_per_iteration": 0.22038373026589397
  },
  "1card_d2h": {
    "gbs": 28.589186448925087,
    "ms_per_iteration": 0.22141238650874584
  },
  "1card_exchange": {
    "gbs": 27.472033551869707,
    "ms_per_iteration": 0.460832285170909
  },
  "2card_h2d": {
    "gbs": 57.47629520271564,
    "ms_per_iteration": 0.22026471879144083
  },
  "2card_d2h": {
    "gbs": 57.18231442830723,
    "ms_per_iteration": 0.22139712473290274
  },
  "2card_exchange": {
    "gbs": 56.65863227000549,
    "ms_per_iteration": 0.44688689058602904
  }
}
